
> BookingApp@ test:e2e D:\REPOSITORY\Project\BookingApp
> turbo run test --filter=@repo/playwright "--force"

• turbo 2.7.2
• Packages in scope: @repo/playwright
• Running test in 1 packages
• Remote caching disabled
@repo/playwright:test: cache bypass, force executing a898112d88e123a7
@repo/playwright:test: 
@repo/playwright:test: > @repo/playwright@1.0.0 test D:\REPOSITORY\Project\BookingApp\packages\playwright
@repo/playwright:test: > playwright test
@repo/playwright:test: 
@repo/playwright:test: 
@repo/playwright:test: Running 21 tests using 10 workers
@repo/playwright:test: 
@repo/playwright:test: [1A[2K[1/21] [chromium] › tests\auth.spec.ts:47:9 › Authentication › should login with created user
@repo/playwright:test: [1A[2K[2/21] [chromium] › tests\auth.spec.ts:13:9 › Authentication › should register a new user
@repo/playwright:test: [1A[2K[3/21] [chromium] › tests\example.spec.ts:3:5 › homepage has title
@repo/playwright:test: [1A[2K[4/21] [chromium] › tests\properties.spec.ts:29:9 › Properties Management › should create and display a new property
@repo/playwright:test: [1A[2K[5/21] [chromium] › tests\example.spec.ts:8:5 › homepage has navigation
@repo/playwright:test: [1A[2K[6/21] [chromium] › tests\properties.spec.ts:50:9 › Properties Management › should search for a property
@repo/playwright:test: [1A[2K[7/21] [firefox] › tests\auth.spec.ts:47:9 › Authentication › should login with created user
@repo/playwright:test: [1A[2K[8/21] [firefox] › tests\bookings.spec.ts:47:9 › Bookings Management › should create a new booking
@repo/playwright:test: [1A[2K[9/21] [chromium] › tests\bookings.spec.ts:47:9 › Bookings Management › should create a new booking
@repo/playwright:test: [1A[2K[10/21] [firefox] › tests\auth.spec.ts:13:9 › Authentication › should register a new user
@repo/playwright:test: [1A[2K[chromium] › tests\auth.spec.ts:13:9 › Authentication › should register a new user
@repo/playwright:test: PAGE LOG: %cDownload the React DevTools for a better development experience: https://react.dev/link/react-devtools font-weight:bold
@repo/playwright:test: 
@repo/playwright:test: [1A[2KPAGE LOG: [HMR] connected
@repo/playwright:test: 
@repo/playwright:test: [1A[2KREGISTRATION ERROR DETECTED: 
@repo/playwright:test: 
@repo/playwright:test: [1A[2K  1) [chromium] › tests\auth.spec.ts:13:9 › Authentication › should register a new user ────────────
@repo/playwright:test: 
@repo/playwright:test:     Error: Registration failed: 
@repo/playwright:test: 
@repo/playwright:test:       33 |             console.log(`REGISTRATION ERROR DETECTED: ${errorText}`);
@repo/playwright:test:       34 |             // Fail early if error is detected
@repo/playwright:test:     > 35 |             throw new Error(`Registration failed: ${errorText}`);
@repo/playwright:test:          |                   ^
@repo/playwright:test:       36 |         }
@repo/playwright:test:       37 |
@repo/playwright:test:       38 |         await expect(page).toHaveURL(/.*\/properties/, { timeout: 30000 });
@repo/playwright:test:         at D:\REPOSITORY\Project\BookingApp\packages\playwright\tests\auth.spec.ts:35:19
@repo/playwright:test: 
@repo/playwright:test:     Error Context: test-results\auth-Authentication-should-register-a-new-user-chromium\error-context.md
@repo/playwright:test: 
@repo/playwright:test: 
@repo/playwright:test: [1A[2K  2) [chromium] › tests\bookings.spec.ts:47:9 › Bookings Management › should create a new booking ──
@repo/playwright:test: 
@repo/playwright:test:     Error: Registration failed in beforeEach: 
@repo/playwright:test: 
@repo/playwright:test:       30 |         if (alertVisible) {
@repo/playwright:test:       31 |             const errorText = await alert.innerText();
@repo/playwright:test:     > 32 |             throw new Error(`Registration failed in beforeEach: ${errorText}`);
@repo/playwright:test:          |                   ^
@repo/playwright:test:       33 |         }
@repo/playwright:test:       34 |
@repo/playwright:test:       35 |         await expect(page).toHaveURL(/.*\/properties/, { timeout: 30000 });
@repo/playwright:test:         at D:\REPOSITORY\Project\BookingApp\packages\playwright\tests\bookings.spec.ts:32:19
@repo/playwright:test: 
@repo/playwright:test:     Error Context: test-results\bookings-Bookings-Management-should-create-a-new-booking-chromium\error-context.md
@repo/playwright:test: 
@repo/playwright:test: 
@repo/playwright:test: [1A[2K[11/21] [firefox] › tests\example.spec.ts:8:5 › homepage has navigation
@repo/playwright:test: [1A[2K[12/21] [firefox] › tests\example.spec.ts:3:5 › homepage has title
@repo/playwright:test: [1A[2K[firefox] › tests\auth.spec.ts:13:9 › Authentication › should register a new user
@repo/playwright:test: PAGE LOG: Download the React DevTools for a better development experience: https://react.dev/link/react-devtools
@repo/playwright:test: 
@repo/playwright:test: [1A[2KPAGE LOG: Server Requests Track
@repo/playwright:test: 
@repo/playwright:test: [1A[2KPAGE LOG: Server Components Track
@repo/playwright:test: 
@repo/playwright:test: [1A[2K[13/21] [firefox] › tests\properties.spec.ts:50:9 › Properties Management › should search for a property
@repo/playwright:test: [1A[2KPAGE LOG: Blocking Track
@repo/playwright:test: 
@repo/playwright:test: [1A[2KPAGE LOG: Transition Track
@repo/playwright:test: 
@repo/playwright:test: [1A[2KPAGE LOG: Suspense Track
@repo/playwright:test: 
@repo/playwright:test: [1A[2KPAGE LOG: Idle Track
@repo/playwright:test: 
@repo/playwright:test: [1A[2KPAGE LOG: Blocked
@repo/playwright:test: 
@repo/playwright:test: [1A[2KPAGE LOG: [HMR] connected
@repo/playwright:test: 
@repo/playwright:test: [1A[2KPAGE LOG: Blocked
@repo/playwright:test: 
@repo/playwright:test: [1A[2KPAGE LOG: Blocked
@repo/playwright:test: 
@repo/playwright:test: [1A[2KPAGE LOG: Blocked
@repo/playwright:test: 
@repo/playwright:test: [1A[2KPAGE LOG: Hydrated
@repo/playwright:test: 
@repo/playwright:test: [1A[2KPAGE LOG: SegmentViewStateNode
@repo/playwright:test: 
@repo/playwright:test: [1A[2KPAGE LOG: Commit
@repo/playwright:test: 
@repo/playwright:test: [1A[2K[14/21] [firefox] › tests\properties.spec.ts:29:9 › Properties Management › should create and display a new property
@repo/playwright:test: [1A[2KPAGE LOG: Waiting for Paint
@repo/playwright:test: 
@repo/playwright:test: [1A[2KPAGE LOG: Root
@repo/playwright:test: 
@repo/playwright:test: [1A[2KPAGE LOG: ServerRoot
@repo/playwright:test: 
@repo/playwright:test: [1A[2KPAGE LOG: AppRouter
@repo/playwright:test: 
@repo/playwright:test: [1A[2KPAGE LOG: RootErrorBoundary
@repo/playwright:test: 
@repo/playwright:test: [1A[2KPAGE LOG: ErrorBoundary
@repo/playwright:test: 
@repo/playwright:test: [1A[2KPAGE LOG: ErrorBoundaryHandler
@repo/playwright:test: 
@repo/playwright:test: [1A[2KPAGE LOG: Router
@repo/playwright:test: 
@repo/playwright:test: [1A[2KPAGE LOG: HistoryUpdater
@repo/playwright:test: 
@repo/playwright:test: [1A[2KPAGE LOG: RuntimeStyles
@repo/playwright:test: 
@repo/playwright:test: [1A[2KPAGE LOG: HotReload
@repo/playwright:test: 
@repo/playwright:test: [1A[2KPAGE LOG: AppDevOverlayErrorBoundary
@repo/playwright:test: 
@repo/playwright:test: [1A[2KPAGE LOG: ReplaySsrOnlyErrors
@repo/playwright:test: 
@repo/playwright:test: [1A[2KPAGE LOG: DevRootHTTPAccessFallbackBoundary
@repo/playwright:test: 
@repo/playwright:test: [1A[2KPAGE LOG: HTTPAccessFallbackBoundary
@repo/playwright:test: 
@repo/playwright:test: [1A[2KPAGE LOG: HTTPAccessFallbackErrorBoundary
@repo/playwright:test: 
@repo/playwright:test: [1A[2KPAGE LOG: RedirectBoundary
@repo/playwright:test: 
@repo/playwright:test: [1A[2KPAGE LOG: RedirectErrorBoundary
@repo/playwright:test: 
@repo/playwright:test: [1A[2KPAGE LOG: Head
@repo/playwright:test: 
@repo/playwright:test: [1A[2KPAGE LOG: __next_viewport_boundary__
@repo/playwright:test: 
@repo/playwright:test: [1A[2KPAGE LOG: __next_metadata_boundary__
@repo/playwright:test: 
@repo/playwright:test: [1A[2KPAGE LOG: __next_root_layout_boundary__
@repo/playwright:test: 
@repo/playwright:test: [1A[2KPAGE LOG: SegmentViewNode
@repo/playwright:test: 
@repo/playwright:test: [1A[2KPAGE LOG: SegmentTrieNode
@repo/playwright:test: 
@repo/playwright:test: [1A[2KPAGE LOG: AuthProvider
@repo/playwright:test: 
@repo/playwright:test: [1A[2KPAGE LOG: Sidebar
@repo/playwright:test: 
@repo/playwright:test: [1A[2KPAGE LOG: LinkComponent
@repo/playwright:test: 
@repo/playwright:test: [1A[2KPAGE LOG: LinkComponent
@repo/playwright:test: 
@repo/playwright:test: [1A[2KPAGE LOG: LinkComponent
@repo/playwright:test: 
@repo/playwright:test: [1A[2KPAGE LOG: LinkComponent
@repo/playwright:test: 
@repo/playwright:test: [1A[2KPAGE LOG: LinkComponent
@repo/playwright:test: 
@repo/playwright:test: [1A[2KPAGE LOG: OuterLayoutRouter
@repo/playwright:test: 
@repo/playwright:test: [1A[2KPAGE LOG: SegmentStateProvider
@repo/playwright:test: 
@repo/playwright:test: [1A[2KPAGE LOG: RenderFromTemplateContext
@repo/playwright:test: 
@repo/playwright:test: [1A[2KPAGE LOG: ScrollAndFocusHandler
@repo/playwright:test: 
@repo/playwright:test: [1A[2KPAGE LOG: InnerScrollAndFocusHandler
@repo/playwright:test: 
@repo/playwright:test: [1A[2KPAGE LOG: ErrorBoundary
@repo/playwright:test: 
@repo/playwright:test: [1A[2KPAGE LOG: LoadingBoundary
@repo/playwright:test: 
@repo/playwright:test: [1A[2KPAGE LOG: HTTPAccessFallbackBoundary
@repo/playwright:test: 
@repo/playwright:test: [1A[2KPAGE LOG: HTTPAccessFallbackErrorBoundary
@repo/playwright:test: 
@repo/playwright:test: [1A[2KPAGE LOG: RedirectBoundary
@repo/playwright:test: 
@repo/playwright:test: [1A[2KPAGE LOG: RedirectErrorBoundary
@repo/playwright:test: 
@repo/playwright:test: [1A[2KPAGE LOG: InnerLayoutRouter
@repo/playwright:test: 
@repo/playwright:test: [1A[2KPAGE LOG: OuterLayoutRouter
@repo/playwright:test: 
@repo/playwright:test: [1A[2KPAGE LOG: SegmentStateProvider
@repo/playwright:test: 
@repo/playwright:test: [1A[2KPAGE LOG: RenderFromTemplateContext
@repo/playwright:test: 
@repo/playwright:test: [1A[2KPAGE LOG: ScrollAndFocusHandler
@repo/playwright:test: 
@repo/playwright:test: [1A[2KPAGE LOG: InnerScrollAndFocusHandler
@repo/playwright:test: 
@repo/playwright:test: [1A[2KPAGE LOG: ErrorBoundary
@repo/playwright:test: 
@repo/playwright:test: [1A[2KPAGE LOG: LoadingBoundary
@repo/playwright:test: 
@repo/playwright:test: [1A[2KPAGE LOG: HTTPAccessFallbackBoundary
@repo/playwright:test: 
@repo/playwright:test: [1A[2KPAGE LOG: RedirectBoundary
@repo/playwright:test: 
@repo/playwright:test: [1A[2KPAGE LOG: RedirectErrorBoundary
@repo/playwright:test: 
@repo/playwright:test: [1A[2KPAGE LOG: InnerLayoutRouter
@repo/playwright:test: 
@repo/playwright:test: [1A[2KPAGE LOG: OuterLayoutRouter
@repo/playwright:test: 
@repo/playwright:test: [1A[2KPAGE LOG: SegmentStateProvider
@repo/playwright:test: 
@repo/playwright:test: [1A[2KPAGE LOG: RenderFromTemplateContext
@repo/playwright:test: 
@repo/playwright:test: [1A[2KPAGE LOG: ScrollAndFocusHandler
@repo/playwright:test: 
@repo/playwright:test: [1A[2KPAGE LOG: InnerScrollAndFocusHandler
@repo/playwright:test: 
@repo/playwright:test: [1A[2KPAGE LOG: ErrorBoundary
@repo/playwright:test: 
@repo/playwright:test: [1A[2KPAGE LOG: LoadingBoundary
@repo/playwright:test: 
@repo/playwright:test: [1A[2KPAGE LOG: HTTPAccessFallbackBoundary
@repo/playwright:test: 
@repo/playwright:test: [1A[2KPAGE LOG: RedirectBoundary
@repo/playwright:test: 
@repo/playwright:test: [1A[2KPAGE LOG: RedirectErrorBoundary
@repo/playwright:test: 
@repo/playwright:test: [1A[2KPAGE LOG: InnerLayoutRouter
@repo/playwright:test: 
@repo/playwright:test: [1A[2KPAGE LOG: SegmentViewNode
@repo/playwright:test: 
@repo/playwright:test: [1A[2KPAGE LOG: SegmentTrieNode
@repo/playwright:test: 
@repo/playwright:test: [1A[2KPAGE LOG: ClientPageRoot
@repo/playwright:test: 
@repo/playwright:test: [1A[2KPAGE LOG: RegisterPage
@repo/playwright:test: 
@repo/playwright:test: [1A[2KPAGE LOG: RegisterForm
@repo/playwright:test: 
@repo/playwright:test: [1A[2KPAGE LOG: LinkComponent
@repo/playwright:test: 
@repo/playwright:test: [1A[2KPAGE LOG: ToastContainer
@repo/playwright:test: 
@repo/playwright:test: [1A[2KPAGE LOG: __next_outlet_boundary__
@repo/playwright:test: 
@repo/playwright:test: [1A[2KPAGE LOG: SegmentViewStateNode
@repo/playwright:test: 
@repo/playwright:test: [1A[2KPAGE LOG: SegmentViewStateNode
@repo/playwright:test: 
@repo/playwright:test: [1A[2KPAGE LOG: SegmentViewStateNode
@repo/playwright:test: 
@repo/playwright:test: [1A[2KPAGE LOG: SegmentViewNode
@repo/playwright:test: 
@repo/playwright:test: [1A[2KPAGE LOG: SegmentViewNode
@repo/playwright:test: 
@repo/playwright:test: [1A[2KPAGE LOG: SegmentTrieNode
@repo/playwright:test: 
@repo/playwright:test: [1A[2KPAGE LOG: AuthProvider
@repo/playwright:test: 
@repo/playwright:test: [1A[2KPAGE LOG: AppRouterAnnouncer
@repo/playwright:test: 
@repo/playwright:test: [1A[2KPAGE LOG: Remaining Effects
@repo/playwright:test: 
@repo/playwright:test: [1A[2KPAGE LOG: Server Requests Track
@repo/playwright:test: 
@repo/playwright:test: [1A[2KPAGE LOG: Server Components Track
@repo/playwright:test: 
@repo/playwright:test: [1A[2KPAGE LOG: ​Preloads
@repo/playwright:test: 
@repo/playwright:test: [1A[2KPAGE LOG: ​HTTPAccessErrorFallback
@repo/playwright:test: 
@repo/playwright:test: [1A[2KPAGE LOG: ​NotFound
@repo/playwright:test: 
@repo/playwright:test: [1A[2KPAGE LOG: ​RootLayout
@repo/playwright:test: 
@repo/playwright:test: [1A[2KPAGE LOG: ​Next.MetadataOutlet
@repo/playwright:test: 
@repo/playwright:test: [1A[2KPAGE LOG: ​NonIndex
@repo/playwright:test: 
@repo/playwright:test: [1A[2KPAGE LOG: ​Next.Viewport
@repo/playwright:test: 
@repo/playwright:test: [1A[2KPAGE LOG: ​ViewportWrapper
@repo/playwright:test: 
@repo/playwright:test: [1A[2KPAGE LOG: ​Next.Metadata
@repo/playwright:test: 
@repo/playwright:test: [1A[2KPAGE LOG: ​MetadataWrapper
@repo/playwright:test: 
@repo/playwright:test: [1A[2KPAGE LOG: Blocking Track
@repo/playwright:test: 
@repo/playwright:test: [1A[2KPAGE LOG: Transition Track
@repo/playwright:test: 
@repo/playwright:test: [1A[2KPAGE LOG: Suspense Track
@repo/playwright:test: 
@repo/playwright:test: [1A[2KPAGE LOG: Idle Track
@repo/playwright:test: 
@repo/playwright:test: [1A[2KPAGE LOG: Prewarm
@repo/playwright:test: 
@repo/playwright:test: [1A[2KPAGE LOG: Blocking Track
@repo/playwright:test: 
@repo/playwright:test: [1A[2KPAGE LOG: Transition Track
@repo/playwright:test: 
@repo/playwright:test: [1A[2KPAGE LOG: Suspense Track
@repo/playwright:test: 
@repo/playwright:test: [1A[2KPAGE LOG: Idle Track
@repo/playwright:test: 
@repo/playwright:test: [1A[2KPAGE LOG: Suspended
@repo/playwright:test: 
@repo/playwright:test: [1A[2KPAGE LOG: Blocking Track
@repo/playwright:test: 
@repo/playwright:test: [1A[2KPAGE LOG: Transition Track
@repo/playwright:test: 
@repo/playwright:test: [1A[2KPAGE LOG: Suspense Track
@repo/playwright:test: 
@repo/playwright:test: [1A[2KPAGE LOG: Idle Track
@repo/playwright:test: 
@repo/playwright:test: [1A[2KPAGE LOG: Render
@repo/playwright:test: 
@repo/playwright:test: [1A[2KPAGE LOG: Commit
@repo/playwright:test: 
@repo/playwright:test: [1A[2KPAGE LOG: Waiting for Paint
@repo/playwright:test: 
@repo/playwright:test: [1A[2KPAGE LOG: AuthProvider
@repo/playwright:test: 
@repo/playwright:test: [1A[2KPAGE LOG: Sidebar
@repo/playwright:test: 
@repo/playwright:test: [1A[2KPAGE LOG: RegisterPage
@repo/playwright:test: 
@repo/playwright:test: [1A[2KPAGE LOG: ToastContainer
@repo/playwright:test: 
@repo/playwright:test: [1A[2KPAGE LOG: AppRouterAnnouncer
@repo/playwright:test: 
@repo/playwright:test: [1A[2KPAGE LOG: Remaining Effects
@repo/playwright:test: 
@repo/playwright:test: [1A[2KPAGE LOG: Blocking Track
@repo/playwright:test: 
@repo/playwright:test: [1A[2KPAGE LOG: Transition Track
@repo/playwright:test: 
@repo/playwright:test: [1A[2KPAGE LOG: Suspense Track
@repo/playwright:test: 
@repo/playwright:test: [1A[2KPAGE LOG: Idle Track
@repo/playwright:test: 
@repo/playwright:test: [1A[2KPAGE LOG: Blocking Track
@repo/playwright:test: 
@repo/playwright:test: [1A[2KPAGE LOG: Transition Track
@repo/playwright:test: 
@repo/playwright:test: [1A[2KPAGE LOG: Suspense Track
@repo/playwright:test: 
@repo/playwright:test: [1A[2KPAGE LOG: Idle Track
@repo/playwright:test: 
@repo/playwright:test: [1A[2KPAGE LOG: Commit
@repo/playwright:test: 
@repo/playwright:test: [1A[2KPAGE LOG: Blocking Track
@repo/playwright:test: 
@repo/playwright:test: [1A[2KPAGE LOG: Transition Track
@repo/playwright:test: 
@repo/playwright:test: [1A[2KPAGE LOG: Suspense Track
@repo/playwright:test: 
@repo/playwright:test: [1A[2KPAGE LOG: Idle Track
@repo/playwright:test: 
@repo/playwright:test: [1A[2KPAGE LOG: Event: input
@repo/playwright:test: 
@repo/playwright:test: [1A[2KPAGE LOG: Render
@repo/playwright:test: 
@repo/playwright:test: [1A[2KPAGE LOG: Blocking Track
@repo/playwright:test: 
@repo/playwright:test: [1A[2KPAGE LOG: Transition Track
@repo/playwright:test: 
@repo/playwright:test: [1A[2KPAGE LOG: Suspense Track
@repo/playwright:test: 
@repo/playwright:test: [1A[2KPAGE LOG: Idle Track
@repo/playwright:test: 
@repo/playwright:test: [1A[2KPAGE LOG: Commit
@repo/playwright:test: 
@repo/playwright:test: [1A[2KPAGE LOG: Blocking Track
@repo/playwright:test: 
@repo/playwright:test: [1A[2KPAGE LOG: Transition Track
@repo/playwright:test: 
@repo/playwright:test: [1A[2KPAGE LOG: Suspense Track
@repo/playwright:test: 
@repo/playwright:test: [1A[2KPAGE LOG: Idle Track
@repo/playwright:test: 
@repo/playwright:test: [1A[2KPAGE LOG: Render
@repo/playwright:test: 
@repo/playwright:test: [1A[2KPAGE LOG: RegisterForm
@repo/playwright:test: 
@repo/playwright:test: [1A[2KPAGE LOG: Blocking Track
@repo/playwright:test: 
@repo/playwright:test: [1A[2KPAGE LOG: Transition Track
@repo/playwright:test: 
@repo/playwright:test: [1A[2KPAGE LOG: Suspense Track
@repo/playwright:test: 
@repo/playwright:test: [1A[2KPAGE LOG: Idle Track
@repo/playwright:test: 
@repo/playwright:test: [1A[2KPAGE LOG: Commit
@repo/playwright:test: 
@repo/playwright:test: [1A[2KPAGE LOG: Blocking Track
@repo/playwright:test: 
@repo/playwright:test: [1A[2KPAGE LOG: Transition Track
@repo/playwright:test: 
@repo/playwright:test: [1A[2KPAGE LOG: Suspense Track
@repo/playwright:test: 
@repo/playwright:test: [1A[2KPAGE LOG: Idle Track
@repo/playwright:test: 
@repo/playwright:test: [1A[2KPAGE LOG: Render
@repo/playwright:test: 
@repo/playwright:test: [1A[2KPAGE LOG: RegisterPage
@repo/playwright:test: 
@repo/playwright:test: [1A[2KREGISTRATION ERROR DETECTED: 
@repo/playwright:test: 
@repo/playwright:test: [1A[2K  3) [firefox] › tests\bookings.spec.ts:47:9 › Bookings Management › should create a new booking ───
@repo/playwright:test: 
@repo/playwright:test:     Error: Registration failed in beforeEach: 
@repo/playwright:test: 
@repo/playwright:test:       30 |         if (alertVisible) {
@repo/playwright:test:       31 |             const errorText = await alert.innerText();
@repo/playwright:test:     > 32 |             throw new Error(`Registration failed in beforeEach: ${errorText}`);
@repo/playwright:test:          |                   ^
@repo/playwright:test:       33 |         }
@repo/playwright:test:       34 |
@repo/playwright:test:       35 |         await expect(page).toHaveURL(/.*\/properties/, { timeout: 30000 });
@repo/playwright:test:         at D:\REPOSITORY\Project\BookingApp\packages\playwright\tests\bookings.spec.ts:32:19
@repo/playwright:test: 
@repo/playwright:test:     Error Context: test-results\bookings-Bookings-Management-should-create-a-new-booking-firefox\error-context.md
@repo/playwright:test: 
@repo/playwright:test: 
@repo/playwright:test: [1A[2K  4) [firefox] › tests\auth.spec.ts:13:9 › Authentication › should register a new user ─────────────
@repo/playwright:test: 
@repo/playwright:test:     Error: Registration failed: 
@repo/playwright:test: 
@repo/playwright:test:       33 |             console.log(`REGISTRATION ERROR DETECTED: ${errorText}`);
@repo/playwright:test:       34 |             // Fail early if error is detected
@repo/playwright:test:     > 35 |             throw new Error(`Registration failed: ${errorText}`);
@repo/playwright:test:          |                   ^
@repo/playwright:test:       36 |         }
@repo/playwright:test:       37 |
@repo/playwright:test:       38 |         await expect(page).toHaveURL(/.*\/properties/, { timeout: 30000 });
@repo/playwright:test:         at D:\REPOSITORY\Project\BookingApp\packages\playwright\tests\auth.spec.ts:35:19
@repo/playwright:test: 
@repo/playwright:test:     Error Context: test-results\auth-Authentication-should-register-a-new-user-firefox\error-context.md
@repo/playwright:test: 
@repo/playwright:test: 
@repo/playwright:test: [1A[2K[15/21] [webkit] › tests\auth.spec.ts:13:9 › Authentication › should register a new user
@repo/playwright:test: [1A[2K[16/21] [webkit] › tests\auth.spec.ts:47:9 › Authentication › should login with created user
@repo/playwright:test: [1A[2K[webkit] › tests\auth.spec.ts:13:9 › Authentication › should register a new user
@repo/playwright:test: PAGE LOG: [HMR] connected
@repo/playwright:test: 
@repo/playwright:test: [1A[2K[17/21] [webkit] › tests\bookings.spec.ts:47:9 › Bookings Management › should create a new booking
@repo/playwright:test: [1A[2KPAGE LOG: [Fast Refresh] rebuilding
@repo/playwright:test: 
@repo/playwright:test: [1A[2KPAGE LOG: [Fast Refresh] done in 154ms
@repo/playwright:test: 
@repo/playwright:test: [1A[2K[18/21] [webkit] › tests\example.spec.ts:3:5 › homepage has title
@repo/playwright:test: [1A[2K[19/21] [webkit] › tests\example.spec.ts:8:5 › homepage has navigation
@repo/playwright:test: [1A[2KPAGE LOG: Failed to load resource: the server responded with a status of 400 (Bad Request)
@repo/playwright:test: 
@repo/playwright:test: [1A[2KPAGE LOG: API Register error response: {success: false, error: Validation failed, details: Array}
@repo/playwright:test: 
@repo/playwright:test: [1A[2KREGISTRATION ERROR DETECTED: 
@repo/playwright:test: 
@repo/playwright:test: [1A[2K  5) [webkit] › tests\auth.spec.ts:13:9 › Authentication › should register a new user ──────────────
@repo/playwright:test: 
@repo/playwright:test:     Error: Registration failed: 
@repo/playwright:test: 
@repo/playwright:test:       33 |             console.log(`REGISTRATION ERROR DETECTED: ${errorText}`);
@repo/playwright:test:       34 |             // Fail early if error is detected
@repo/playwright:test:     > 35 |             throw new Error(`Registration failed: ${errorText}`);
@repo/playwright:test:          |                   ^
@repo/playwright:test:       36 |         }
@repo/playwright:test:       37 |
@repo/playwright:test:       38 |         await expect(page).toHaveURL(/.*\/properties/, { timeout: 30000 });
@repo/playwright:test:         at D:\REPOSITORY\Project\BookingApp\packages\playwright\tests\auth.spec.ts:35:19
@repo/playwright:test: 
@repo/playwright:test:     Error Context: test-results\auth-Authentication-should-register-a-new-user-webkit\error-context.md
@repo/playwright:test: 
@repo/playwright:test: 
@repo/playwright:test: [1A[2K  6) [webkit] › tests\bookings.spec.ts:47:9 › Bookings Management › should create a new booking ────
@repo/playwright:test: 
@repo/playwright:test:     Error: Registration failed in beforeEach: 
@repo/playwright:test: 
@repo/playwright:test:       30 |         if (alertVisible) {
@repo/playwright:test:       31 |             const errorText = await alert.innerText();
@repo/playwright:test:     > 32 |             throw new Error(`Registration failed in beforeEach: ${errorText}`);
@repo/playwright:test:          |                   ^
@repo/playwright:test:       33 |         }
@repo/playwright:test:       34 |
@repo/playwright:test:       35 |         await expect(page).toHaveURL(/.*\/properties/, { timeout: 30000 });
@repo/playwright:test:         at D:\REPOSITORY\Project\BookingApp\packages\playwright\tests\bookings.spec.ts:32:19
@repo/playwright:test: 
@repo/playwright:test:     Error Context: test-results\bookings-Bookings-Management-should-create-a-new-booking-webkit\error-context.md
@repo/playwright:test: 
@repo/playwright:test: 
@repo/playwright:test: [1A[2K[20/21] [webkit] › tests\properties.spec.ts:50:9 › Properties Management › should search for a property
@repo/playwright:test: [1A[2K[21/21] [webkit] › tests\properties.spec.ts:29:9 › Properties Management › should create and display a new property
@repo/playwright:test: [1A[2K  7) [webkit] › tests\auth.spec.ts:47:9 › Authentication › should login with created user ──────────
@repo/playwright:test: 
@repo/playwright:test:     [31mTest timeout of 30000ms exceeded.[39m
@repo/playwright:test: 
@repo/playwright:test:     Error: [2mexpect([22m[31mpage[39m[2m).[22mtoHaveURL[2m([22m[32mexpected[39m[2m)[22m failed
@repo/playwright:test: 
@repo/playwright:test:     Expected pattern: [32m/.*\/properties/[39m
@repo/playwright:test:     Received string:  [31m"http://localhost:3000/auth/register"[39m
@repo/playwright:test: 
@repo/playwright:test:     Call log:
@repo/playwright:test:     [2m  - Expect "toHaveURL" with timeout 30000ms[22m
@repo/playwright:test:     [2m    32 × unexpected value "http://localhost:3000/auth/register"[22m
@repo/playwright:test: 
@repo/playwright:test: 
@repo/playwright:test:       55 |         await page.getByRole('button', { name: 'Create account' }).click();
@repo/playwright:test:       56 |
@repo/playwright:test:     > 57 |         await expect(page).toHaveURL(/.*\/properties/, { timeout: 30000 });
@repo/playwright:test:          |                            ^
@repo/playwright:test:       58 |
@repo/playwright:test:       59 |         await page.goto('/auth/login');
@repo/playwright:test:       60 |
@repo/playwright:test:         at D:\REPOSITORY\Project\BookingApp\packages\playwright\tests\auth.spec.ts:57:28
@repo/playwright:test: 
@repo/playwright:test:     Error Context: test-results\auth-Authentication-should-login-with-created-user-webkit\error-context.md
@repo/playwright:test: 
@repo/playwright:test: 
@repo/playwright:test: [1A[2K  8) [webkit] › tests\properties.spec.ts:50:9 › Properties Management › should search for a property 
@repo/playwright:test: 
@repo/playwright:test:     [31mTest timeout of 30000ms exceeded while running "beforeEach" hook.[39m
@repo/playwright:test: 
@repo/playwright:test:       14 |     };
@repo/playwright:test:       15 |
@repo/playwright:test:     > 16 |     test.beforeEach(async ({ page }) => {
@repo/playwright:test:          |          ^
@repo/playwright:test:       17 |         const data = generatePropertyData();
@repo/playwright:test:       18 |
@repo/playwright:test:       19 |         await page.goto('/auth/register');
@repo/playwright:test:         at D:\REPOSITORY\Project\BookingApp\packages\playwright\tests\properties.spec.ts:16:10
@repo/playwright:test: 
@repo/playwright:test:     Error: [2mexpect([22m[31mpage[39m[2m).[22mtoHaveURL[2m([22m[32mexpected[39m[2m)[22m failed
@repo/playwright:test: 
@repo/playwright:test:     Expected pattern: [32m/.*\/properties/[39m
@repo/playwright:test:     Received string:  [31m"http://localhost:3000/auth/register"[39m
@repo/playwright:test: 
@repo/playwright:test:     Call log:
@repo/playwright:test:     [2m  - Expect "toHaveURL" with timeout 30000ms[22m
@repo/playwright:test:     [2m    32 × unexpected value "http://localhost:3000/auth/register"[22m
@repo/playwright:test: 
@repo/playwright:test: 
@repo/playwright:test:       24 |         await page.getByRole('button', { name: 'Create account' }).click();
@repo/playwright:test:       25 |
@repo/playwright:test:     > 26 |         await expect(page).toHaveURL(/.*\/properties/, { timeout: 30000 });
@repo/playwright:test:          |                            ^
@repo/playwright:test:       27 |     });
@repo/playwright:test:       28 |
@repo/playwright:test:       29 |     test('should create and display a new property', async ({ page }) => {
@repo/playwright:test:         at D:\REPOSITORY\Project\BookingApp\packages\playwright\tests\properties.spec.ts:26:28
@repo/playwright:test: 
@repo/playwright:test:     Error Context: test-results\properties-Properties-Mana-54894-hould-search-for-a-property-webkit\error-context.md
@repo/playwright:test: 
@repo/playwright:test: 
@repo/playwright:test: [1A[2K  9) [webkit] › tests\properties.spec.ts:29:9 › Properties Management › should create and display a new property 
@repo/playwright:test: 
@repo/playwright:test:     [31mTest timeout of 30000ms exceeded while running "beforeEach" hook.[39m
@repo/playwright:test: 
@repo/playwright:test:       14 |     };
@repo/playwright:test:       15 |
@repo/playwright:test:     > 16 |     test.beforeEach(async ({ page }) => {
@repo/playwright:test:          |          ^
@repo/playwright:test:       17 |         const data = generatePropertyData();
@repo/playwright:test:       18 |
@repo/playwright:test:       19 |         await page.goto('/auth/register');
@repo/playwright:test:         at D:\REPOSITORY\Project\BookingApp\packages\playwright\tests\properties.spec.ts:16:10
@repo/playwright:test: 
@repo/playwright:test:     Error: [2mexpect([22m[31mpage[39m[2m).[22mtoHaveURL[2m([22m[32mexpected[39m[2m)[22m failed
@repo/playwright:test: 
@repo/playwright:test:     Expected pattern: [32m/.*\/properties/[39m
@repo/playwright:test:     Received string:  [31m"http://localhost:3000/auth/register"[39m
@repo/playwright:test: 
@repo/playwright:test:     Call log:
@repo/playwright:test:     [2m  - Expect "toHaveURL" with timeout 30000ms[22m
@repo/playwright:test:     [2m    32 × unexpected value "http://localhost:3000/auth/register"[22m
@repo/playwright:test: 
@repo/playwright:test: 
@repo/playwright:test:       24 |         await page.getByRole('button', { name: 'Create account' }).click();
@repo/playwright:test:       25 |
@repo/playwright:test:     > 26 |         await expect(page).toHaveURL(/.*\/properties/, { timeout: 30000 });
@repo/playwright:test:          |                            ^
@repo/playwright:test:       27 |     });
@repo/playwright:test:       28 |
@repo/playwright:test:       29 |     test('should create and display a new property', async ({ page }) => {
@repo/playwright:test:         at D:\REPOSITORY\Project\BookingApp\packages\playwright\tests\properties.spec.ts:26:28
@repo/playwright:test: 
@repo/playwright:test:     Error Context: test-results\properties-Properties-Mana-20b14--and-display-a-new-property-webkit\error-context.md
@repo/playwright:test: 
@repo/playwright:test: 
@repo/playwright:test: [1A[2K  9 failed
@repo/playwright:test:     [chromium] › tests\auth.spec.ts:13:9 › Authentication › should register a new user ─────────────
@repo/playwright:test:     [chromium] › tests\bookings.spec.ts:47:9 › Bookings Management › should create a new booking ───
@repo/playwright:test:     [firefox] › tests\auth.spec.ts:13:9 › Authentication › should register a new user ──────────────
@repo/playwright:test:     [firefox] › tests\bookings.spec.ts:47:9 › Bookings Management › should create a new booking ────
@repo/playwright:test:     [webkit] › tests\auth.spec.ts:13:9 › Authentication › should register a new user ───────────────
@repo/playwright:test:     [webkit] › tests\auth.spec.ts:47:9 › Authentication › should login with created user ───────────
@repo/playwright:test:     [webkit] › tests\bookings.spec.ts:47:9 › Bookings Management › should create a new booking ─────
@repo/playwright:test:     [webkit] › tests\properties.spec.ts:29:9 › Properties Management › should create and display a new property 
@repo/playwright:test:     [webkit] › tests\properties.spec.ts:50:9 › Properties Management › should search for a property 
@repo/playwright:test:   12 passed (43.8s)
@repo/playwright:test:  ELIFECYCLE  Test failed. See above for more details.
@repo/playwright:test: ERROR: command finished with error: command (D:\REPOSITORY\Project\BookingApp\packages\playwright) C:\Users\kyrky\AppData\Local\pnpm\.tools\pnpm\9.0.0\bin\pnpm.CMD run test exited (1)
@repo/playwright#test: command (D:\REPOSITORY\Project\BookingApp\packages\playwright) C:\Users\kyrky\AppData\Local\pnpm\.tools\pnpm\9.0.0\bin\pnpm.CMD run test exited (1)

 Tasks:    0 successful, 1 total
Cached:    0 cached, 1 total
  Time:    50.649s 
Failed:    @repo/playwright#test

 ERROR  run failed: command  exited (1)
 ELIFECYCLE  Command failed with exit code 1.
